// Jest Snapshot v1, https://goo.gl/fbAQLP

exports[`PodcartEpisodes should renders episode details 1`] = `
<div>
  <div
    class="MuiPaper-root MuiPaper-elevation MuiPaper-rounded MuiPaper-elevation1 MuiCard-root css-yq514b-MuiPaper-root-MuiCard-root"
  >
    <div
      class="MuiCardContent-root css-1aqrhzj-MuiCardContent-root"
    >
      <div
        class="MuiCardContent-root css-1aqrhzj-MuiCardContent-root"
      >
        <div
          class="MuiPaper-root MuiPaper-elevation MuiPaper-rounded MuiPaper-elevation1 MuiTableContainer-root css-11xur9t-MuiPaper-root-MuiTableContainer-root"
        >
          <table
            aria-label="customized table"
            class="MuiTable-root w-full css-rqglhn-MuiTable-root"
          >
            <thead
              class="MuiTableHead-root css-15wwp11-MuiTableHead-root"
            >
              <tr
                class="MuiTableRow-root MuiTableRow-head css-1q1u3t4-MuiTableRow-root"
              >
                <th
                  class="MuiTableCell-root MuiTableCell-head MuiTableCell-sizeMedium css-1ygcj2i-MuiTableCell-root"
                  scope="col"
                >
                  Title
                </th>
                <th
                  class="MuiTableCell-root MuiTableCell-head MuiTableCell-alignCenter MuiTableCell-sizeMedium css-1ndpvdd-MuiTableCell-root"
                  scope="col"
                >
                  Date
                </th>
                <th
                  class="MuiTableCell-root MuiTableCell-head MuiTableCell-alignCenter MuiTableCell-sizeMedium css-1ndpvdd-MuiTableCell-root"
                  scope="col"
                >
                  Duration
                </th>
              </tr>
            </thead>
            <tbody
              class="MuiTableBody-root css-apqrd9-MuiTableBody-root"
            >
              <tr
                class="MuiTableRow-root css-1enotpu-MuiTableRow-root"
              >
                <th
                  class="MuiTableCell-root MuiTableCell-body MuiTableCell-sizeMedium css-1xkql70-MuiTableCell-root"
                  scope="row"
                >
                  <a
                    href="/podcast/undefined/episode/1000616244153"
                  >
                    Episode 367 w/ De La Soul
                  </a>
                </th>
                <td
                  class="MuiTableCell-root MuiTableCell-body MuiTableCell-alignCenter MuiTableCell-sizeMedium css-3hphth-MuiTableCell-root"
                >
                  09/06/2023
                </td>
                <td
                  class="MuiTableCell-root MuiTableCell-body MuiTableCell-alignCenter MuiTableCell-sizeMedium css-3hphth-MuiTableCell-root"
                >
                  163:33
                </td>
              </tr>
            </tbody>
          </table>
        </div>
      </div>
    </div>
  </div>
</div>
`;
