// Jest Snapshot v1, https://goo.gl/fbAQLP

exports[`Podcard E2E Test should renders episode details 1`] = `
<div>
  <div
    class="MuiPaper-root MuiPaper-elevation MuiPaper-rounded MuiPaper-elevation1 MuiCard-root cursor-pointer transition-transform duration-200 hover:scale-105 hover:shadow-lg css-bhp9pd-MuiPaper-root-MuiCard-root"
  >
    <div
      class="MuiCardContent-root max-w-[345px] flex justify-center items-center flex-col css-46bh2p-MuiCardContent-root"
    >
      <div
        aria-label="recipe"
        class="MuiAvatar-root MuiAvatar-circular css-1fsl38a-MuiAvatar-root"
      >
        <img
          class="MuiAvatar-img css-1pqm26d-MuiAvatar-img"
          src="Image URL 1"
        />
      </div>
      <h6
        class="MuiTypography-root MuiTypography-h6 MuiTypography-gutterBottom css-18k87ye-MuiTypography-root"
        data-testid="podcastName"
        id="PodcastName"
      >
        Podcast Name 1
      </h6>
      <h6
        class="MuiTypography-root MuiTypography-subtitle1 MuiTypography-gutterBottom css-1wniyei-MuiTypography-root"
        id="PodcastArtist"
      >
        Artist 1
      </h6>
    </div>
  </div>
</div>
`;
